// Jest Snapshot v1, https://goo.gl/fbAQLP

exports[`Incident Page Renders the incident page correctly 1`] = `
Object {
  "asFragment": [Function],
  "baseElement": <body>
    <div>
      <div
        style="position: fixed; z-index: 9999; top: 16px; left: 16px; right: 16px; bottom: 16px; pointer-events: none;"
      />
      <div
        class="wrapper"
      >
        <div
          class="idAndStop"
        >
          <strong>
            0
          </strong>
        </div>
        <div
          class="data"
        >
          <p
            class="category"
          >
            Date
          </p>
          <p>
            Tue Mar 01 2022
          </p>
        </div>
        <div
          class="data"
        >
          <p
            class="category"
          >
            Location
          </p>
          <p />
        </div>
      </div>
      <div
        class="bodyWrapper"
      >
        <div
          class="map"
          id="map"
        />
        <div
          class="wrapper"
        >
          <div
            class="dataBlock"
          >
            <p
              class="category"
            >
              Summary:
            </p>
            <p
              class="data"
            >
              Officer issued motorist ticket, use of excessive force resulted in civilian injury.
            </p>
          </div>
          <div
            class="dataBlock"
          >
            <p
              class="category"
            >
              Agencies Involved:
            </p>
          </div>
          <div
            class="dataBlock"
          >
            <p
              class="category"
            >
              Officers Involved:
            </p>
          </div>
        </div>
      </div>
    </div>
  </body>,
  "container": <div>
    <div
      style="position: fixed; z-index: 9999; top: 16px; left: 16px; right: 16px; bottom: 16px; pointer-events: none;"
    />
    <div
      class="wrapper"
    >
      <div
        class="idAndStop"
      >
        <strong>
          0
        </strong>
      </div>
      <div
        class="data"
      >
        <p
          class="category"
        >
          Date
        </p>
        <p>
          Tue Mar 01 2022
        </p>
      </div>
      <div
        class="data"
      >
        <p
          class="category"
        >
          Location
        </p>
        <p />
      </div>
    </div>
    <div
      class="bodyWrapper"
    >
      <div
        class="map"
        id="map"
      />
      <div
        class="wrapper"
      >
        <div
          class="dataBlock"
        >
          <p
            class="category"
          >
            Summary:
          </p>
          <p
            class="data"
          >
            Officer issued motorist ticket, use of excessive force resulted in civilian injury.
          </p>
        </div>
        <div
          class="dataBlock"
        >
          <p
            class="category"
          >
            Agencies Involved:
          </p>
        </div>
        <div
          class="dataBlock"
        >
          <p
            class="category"
          >
            Officers Involved:
          </p>
        </div>
      </div>
    </div>
  </div>,
  "debug": [Function],
  "findAllByAltText": [Function],
  "findAllByDisplayValue": [Function],
  "findAllByLabelText": [Function],
  "findAllByPlaceholderText": [Function],
  "findAllByRole": [Function],
  "findAllByTestId": [Function],
  "findAllByText": [Function],
  "findAllByTitle": [Function],
  "findByAltText": [Function],
  "findByDisplayValue": [Function],
  "findByLabelText": [Function],
  "findByPlaceholderText": [Function],
  "findByRole": [Function],
  "findByTestId": [Function],
  "findByText": [Function],
  "findByTitle": [Function],
  "getAllByAltText": [Function],
  "getAllByDisplayValue": [Function],
  "getAllByLabelText": [Function],
  "getAllByPlaceholderText": [Function],
  "getAllByRole": [Function],
  "getAllByTestId": [Function],
  "getAllByText": [Function],
  "getAllByTitle": [Function],
  "getByAltText": [Function],
  "getByDisplayValue": [Function],
  "getByLabelText": [Function],
  "getByPlaceholderText": [Function],
  "getByRole": [Function],
  "getByTestId": [Function],
  "getByText": [Function],
  "getByTitle": [Function],
  "queryAllByAltText": [Function],
  "queryAllByDisplayValue": [Function],
  "queryAllByLabelText": [Function],
  "queryAllByPlaceholderText": [Function],
  "queryAllByRole": [Function],
  "queryAllByTestId": [Function],
  "queryAllByText": [Function],
  "queryAllByTitle": [Function],
  "queryByAltText": [Function],
  "queryByDisplayValue": [Function],
  "queryByLabelText": [Function],
  "queryByPlaceholderText": [Function],
  "queryByRole": [Function],
  "queryByTestId": [Function],
  "queryByText": [Function],
  "queryByTitle": [Function],
  "rerender": [Function],
  "unmount": [Function],
}
`;
