// Jest Snapshot v1, https://goo.gl/fbAQLP

exports[`renders Register correctly 1`] = `
<div>
  <div
    style="position: fixed; z-index: 9999; top: 16px; left: 16px; right: 16px; bottom: 16px; pointer-events: none;"
  />
  <div>
    <section
      class="enrollmentSection"
    >
      <div
        class="header"
      >
        <img
          alt="A blue circular logo design reads 'National Police Data Coalition'"
          class="logo medium"
          src="/NPDCLogo.svg"
        />
        <h1>
          Register: Viewer Account
          <div
            aria-describedby="viewerAccountsTooltip"
            aria-label="Learn more about Viewer Accounts"
            class="tooltipContainer"
            role="tooltip"
            tabindex="0"
          >
            <svg
              aria-hidden="true"
              class="svg-inline--fa fa-question-circle fa-w-16 fa-sm tooltipIcon"
              data-icon="question-circle"
              data-prefix="far"
              data-tooltip-content="A Viewer account allows you to see data that is publically available.:::::Once registered, you may optionally apply to see legally protected data through a Passport account"
              data-tooltip-id="table-column-tooltip"
              focusable="false"
              role="img"
              viewBox="0 0 512 512"
              xmlns="http://www.w3.org/2000/svg"
            >
              <path
                d="M256 8C119.043 8 8 119.083 8 256c0 136.997 111.043 248 248 248s248-111.003 248-248C504 119.083 392.957 8 256 8zm0 448c-110.532 0-200-89.431-200-200 0-110.495 89.472-200 200-200 110.491 0 200 89.471 200 200 0 110.53-89.431 200-200 200zm107.244-255.2c0 67.052-72.421 68.084-72.421 92.863V300c0 6.627-5.373 12-12 12h-45.647c-6.627 0-12-5.373-12-12v-8.659c0-35.745 27.1-50.034 47.579-61.516 17.561-9.845 28.324-16.541 28.324-29.579 0-17.246-21.999-28.693-39.784-28.693-23.189 0-33.894 10.977-48.942 29.969-4.057 5.12-11.46 6.071-16.666 2.124l-27.824-21.098c-5.107-3.872-6.251-11.066-2.644-16.363C184.846 131.491 214.94 112 261.794 112c49.071 0 101.45 38.304 101.45 88.8zM298 368c0 23.159-18.841 42-42 42s-42-18.841-42-42 18.841-42 42-42 42 18.841 42 42z"
                fill="currentColor"
              />
            </svg>
          </div>
        </h1>
      </div>
      <form>
        <fieldset
          class="inputLine"
        >
          <div
            class="defaultInputContainer inputContainer undefined"
          >
            <label
              for="firstNameInput"
            >
              First Name:
            </label>
            <input
              aria-invalid="false"
              aria-required="true"
              class="inputField"
              id="firstNameInput"
              name="firstName"
              type="text"
              value=""
            />
          </div>
          <div
            class="defaultInputContainer inputContainer undefined"
          >
            <label
              for="lastNameInput"
            >
              Last Name:
            </label>
            <input
              aria-invalid="false"
              aria-required="true"
              class="inputField"
              id="lastNameInput"
              name="lastName"
              type="text"
              value=""
            />
          </div>
        </fieldset>
        <fieldset
          class="inputLine"
        >
          <div
            class="defaultInputContainer inputContainer undefined"
          >
            <label
              for="emailAddressInput"
            >
              Email Address:
            </label>
            <input
              aria-invalid="false"
              aria-required="true"
              class="inputField"
              id="emailAddressInput"
              name="emailAddress"
              type="email"
              value=""
            />
          </div>
          <div
            class="defaultInputContainer inputContainer undefined"
          >
            <label
              for="phoneNumberInput"
            >
              Phone Number:
            </label>
            <input
              aria-invalid="false"
              aria-required="true"
              class="inputField"
              id="phoneNumberInput"
              name="phoneNumber"
              type="tel"
              value=""
            />
          </div>
        </fieldset>
        <fieldset
          aria-describedby="passwordAid"
          class="inputLine"
        >
          <div
            class="defaultInputContainer inputContainer undefined"
          >
            <label
              for="createPasswordInput"
            >
              Create Password:
            </label>
            <input
              aria-invalid="false"
              aria-required="true"
              class="inputField"
              id="createPasswordInput"
              name="createPassword"
              type="password"
              value=""
            />
          </div>
          <div
            class="defaultInputContainer inputContainer undefined"
          >
            <label
              for="confirmPasswordInput"
            >
              Confirm Password:
            </label>
            <input
              aria-invalid="false"
              aria-required="true"
              class="inputField"
              id="confirmPasswordInput"
              name="confirmPassword"
              type="password"
              value=""
            />
          </div>
        </fieldset>
        <div
          class="passwordAid"
        >
          <p
            id="passwordAid"
          >
            Use eight or more characters with a mix of letters, numbers, and symbols
          </p>
          <button
            aria-checked="true"
            class="passwordToggle"
            role="switch"
          >
            <svg
              aria-hidden="true"
              class="svg-inline--fa fa-eye fa-w-18 "
              data-icon="eye"
              data-prefix="fas"
              focusable="false"
              role="img"
              viewBox="0 0 576 512"
              xmlns="http://www.w3.org/2000/svg"
            >
              <path
                d="M572.52 241.4C518.29 135.59 410.93 64 288 64S57.68 135.64 3.48 241.41a32.35 32.35 0 0 0 0 29.19C57.71 376.41 165.07 448 288 448s230.32-71.64 284.52-177.41a32.35 32.35 0 0 0 0-29.19zM288 400a144 144 0 1 1 144-144 143.93 143.93 0 0 1-144 144zm0-240a95.31 95.31 0 0 0-25.31 3.79 47.85 47.85 0 0 1-66.9 66.9A95.78 95.78 0 1 0 288 160z"
                fill="currentColor"
              />
            </svg>
             
            Show password
          </button>
        </div>
        <button
          class="primaryButton"
          type="submit"
        >
          Submit
        </button>
      </form>
      <div
        class="callToActionContainer"
      >
        <p>
          Do you already have an account with us?
        </p>
        <a
          class="callToActionLink"
          href="/login"
        >
          Login instead
        </a>
      </div>
    </section>
  </div>
</div>
`;
