// Jest Snapshot v1, https://goo.gl/fbAQLP

exports[`renders Register correctly 1`] = `
<div>
  <div
    style="position: fixed; z-index: 9999; top: 16px; left: 16px; right: 16px; bottom: 16px; pointer-events: none;"
  />
  <div>
    <section
      class="enrollmentSection"
    >
      <div
        class="header"
      >
        <img
          alt="A blue circular logo design reads 'National Police Data Coalition'"
          class="logo medium"
          src="/NPDCLogo.svg"
        />
        <h1>
          Reset Password
        </h1>
      </div>
      <form
        class="form"
      >
        <div
          class="defaultInputContainer inputContainer undefined"
        >
          <label
            for="createPasswordInput"
          >
            Create Password:
          </label>
          <input
            aria-invalid="false"
            aria-required="true"
            class="inputField"
            id="createPasswordInput"
            name="createPassword"
            type="password"
            value=""
          />
        </div>
        <div
          class="defaultInputContainer inputContainer undefined"
        >
          <label
            for="confirmPasswordInput"
          >
            Confirm Password:
          </label>
          <input
            aria-invalid="false"
            aria-required="true"
            class="inputField"
            id="confirmPasswordInput"
            name="confirmPassword"
            type="password"
            value=""
          />
        </div>
        <div
          class="passwordAid"
        >
          <p
            id="passwordAid"
          >
            Use eight or more characters with a mix of letters, numbers, and symbols
          </p>
          <button
            aria-checked="true"
            class="passwordToggle"
            role="switch"
          >
            <svg
              aria-hidden="true"
              class="svg-inline--fa fa-eye fa-w-18 "
              data-icon="eye"
              data-prefix="fas"
              focusable="false"
              role="img"
              viewBox="0 0 576 512"
              xmlns="http://www.w3.org/2000/svg"
            >
              <path
                d="M572.52 241.4C518.29 135.59 410.93 64 288 64S57.68 135.64 3.48 241.41a32.35 32.35 0 0 0 0 29.19C57.71 376.41 165.07 448 288 448s230.32-71.64 284.52-177.41a32.35 32.35 0 0 0 0-29.19zM288 400a144 144 0 1 1 144-144 143.93 143.93 0 0 1-144 144zm0-240a95.31 95.31 0 0 0-25.31 3.79 47.85 47.85 0 0 1-66.9 66.9A95.78 95.78 0 1 0 288 160z"
                fill="currentColor"
              />
            </svg>
             
            Show password
          </button>
        </div>
        <button
          class="primaryButton"
          type="submit"
        >
          Submit
        </button>
      </form>
    </section>
  </div>
</div>
`;
